c1-c6 peak 240 140 0 gain -0.05424616237648294 guards {0: ['queue_delay', 'backlog'], 1: ['backlog', 'boundary_wait']} plan {'C1-FROM-C2': 17, 'C1-FROM-C3': 55, 'C1-FROM-C4': 23, 'C1-FROM-C5': 25, 'C3-FROM-C1': 55, 'C3-FROM-C6': 55}
c1-c6 peak 240 140 1 gain -0.06958201829107091 guards {0: ['queue_delay', 'backlog', 'worst_service_debt'], 1: ['backlog', 'boundary_wait']} plan {'C1-FROM-C2': 17, 'C1-FROM-C3': 55, 'C1-FROM-C4': 16, 'C1-FROM-C5': 32, 'C3-FROM-C1': 55, 'C3-FROM-C6': 55}
c1-c6 peak 240 160 0 gain -0.06963564940461509 guards {0: ['queue_delay', 'backlog', 'worst_service_debt'], 1: ['backlog', 'boundary_wait']} plan {'C1-FROM-C2': 23, 'C1-FROM-C3': 55, 'C1-FROM-C4': 30, 'C1-FROM-C5': 32, 'C3-FROM-C1': 55, 'C3-FROM-C6': 55}
c1-c6 peak 240 160 1 gain -0.09266287437793874 guards {0: ['queue_delay', 'throughput', 'backlog', 'worst_service_debt'], 1: ['backlog', 'boundary_wait']} plan {'C1-FROM-C2': 23, 'C1-FROM-C3': 55, 'C1-FROM-C4': 20, 'C1-FROM-C5': 42, 'C3-FROM-C1': 55, 'C3-FROM-C6': 55}
c1-c6 peak 240 180 0 gain -0.09001750889324045 guards {0: ['queue_delay', 'throughput', 'backlog', 'worst_service_debt'], 1: ['backlog', 'boundary_wait']} plan {'C1-FROM-C2': 28, 'C1-FROM-C3': 55, 'C1-FROM-C4': 38, 'C1-FROM-C5': 39, 'C3-FROM-C1': 55, 'C3-FROM-C6': 55}
c1-c6 peak 240 180 1 gain -0.11216311403862278 guards {0: ['queue_delay', 'throughput', 'backlog', 'worst_service_debt'], 1: ['backlog', 'boundary_wait']} plan {'C1-FROM-C2': 29, 'C1-FROM-C3': 55, 'C1-FROM-C4': 25, 'C1-FROM-C5': 51, 'C3-FROM-C1': 55, 'C3-FROM-C6': 55}
c1-c6 peak 240 200 0 gain -0.10944622824902939 guards {0: ['queue_delay', 'throughput', 'backlog', 'worst_service_debt'], 1: ['backlog', 'boundary_wait']} plan {'C1-FROM-C2': 33, 'C1-FROM-C3': 55, 'C1-FROM-C4': 45, 'C1-FROM-C5': 47, 'C3-FROM-C1': 55, 'C3-FROM-C6': 55}
c1-c6 peak 240 200 1 gain -0.12426055330951113 guards {0: ['queue_delay', 'throughput', 'backlog', 'worst_service_debt'], 1: ['backlog', 'boundary_wait']} plan {'C1-FROM-C2': 37, 'C1-FROM-C3': 55, 'C1-FROM-C4': 33, 'C1-FROM-C5': 55, 'C3-FROM-C1': 55, 'C3-FROM-C6': 55}
c1-c6 peak 240 220 0 gain -0.1245319195350938 guards {0: ['queue_delay', 'throughput', 'backlog', 'worst_service_debt'], 1: ['backlog', 'boundary_wait']} plan {'C1-FROM-C2': 39, 'C1-FROM-C3': 55, 'C1-FROM-C4': 52, 'C1-FROM-C5': 54, 'C3-FROM-C1': 55, 'C3-FROM-C6': 55}
c1-c6 peak 240 220 1 gain -0.1298497248585817 guards {0: ['queue_delay', 'throughput', 'backlog', 'worst_service_debt'], 1: ['backlog', 'boundary_wait', 'worst_service_debt']} plan {'C1-FROM-C2': 48, 'C1-FROM-C3': 55, 'C1-FROM-C4': 42, 'C1-FROM-C5': 55, 'C3-FROM-C1': 55, 'C3-FROM-C6': 55}
c1-c6 peak 480 140 0 gain -0.0012631417460773342 guards {0: ['queue_delay', 'boundary_wait'], 1: ['boundary_wait']} plan {'C1-FROM-C2': 26, 'C1-FROM-C3': 50, 'C1-FROM-C4': 19, 'C1-FROM-C5': 25, 'C3-FROM-C1': 55, 'C3-FROM-C6': 55}
c1-c6 peak 480 140 1 gain 0.014334627814677425 guards {0: ['boundary_wait'], 1: ['boundary_wait']} plan {'C1-FROM-C2': 21, 'C1-FROM-C3': 55, 'C1-FROM-C4': 23, 'C1-FROM-C5': 21, 'C3-FROM-C1': 55, 'C3-FROM-C6': 55}
c1-c6 peak 480 160 0 gain -0.0005875245531368201 guards {0: ['queue_delay', 'boundary_wait'], 1: ['boundary_wait']} plan {'C1-FROM-C2': 32, 'C1-FROM-C3': 55, 'C1-FROM-C4': 23, 'C1-FROM-C5': 30, 'C3-FROM-C1': 55, 'C3-FROM-C6': 55}
c1-c6 peak 480 160 1 gain 0.010499539542207947 guards {0: ['boundary_wait'], 1: ['boundary_wait']} plan {'C1-FROM-C2': 27, 'C1-FROM-C3': 55, 'C1-FROM-C4': 31, 'C1-FROM-C5': 27, 'C3-FROM-C1': 55, 'C3-FROM-C6': 55}
c1-c6 peak 480 180 0 gain 0.005939745262977025 guards {0: ['throughput', 'boundary_wait'], 1: ['boundary_wait']} plan {'C1-FROM-C2': 39, 'C1-FROM-C3': 55, 'C1-FROM-C4': 29, 'C1-FROM-C5': 37, 'C3-FROM-C1': 55, 'C3-FROM-C6': 55}
c1-c6 peak 480 180 1 gain 0.005069745737458442 guards {0: ['throughput', 'boundary_wait', 'worst_service_debt'], 1: ['boundary_wait']} plan {'C1-FROM-C2': 34, 'C1-FROM-C3': 55, 'C1-FROM-C4': 38, 'C1-FROM-C5': 33, 'C3-FROM-C1': 55, 'C3-FROM-C6': 55}
c1-c6 peak 480 200 0 gain 0.0016261531295771459 guards {0: ['throughput', 'boundary_wait', 'worst_service_debt'], 1: ['boundary_wait']} plan {'C1-FROM-C2': 47, 'C1-FROM-C3': 55, 'C1-FROM-C4': 34, 'C1-FROM-C5': 44, 'C3-FROM-C1': 55, 'C3-FROM-C6': 55}
c1-c6 peak 480 200 1 gain -0.004523522722628126 guards {0: ['queue_delay', 'throughput', 'boundary_wait', 'worst_service_debt'], 1: ['boundary_wait']} plan {'C1-FROM-C2': 40, 'C1-FROM-C3': 55, 'C1-FROM-C4': 45, 'C1-FROM-C5': 40, 'C3-FROM-C1': 55, 'C3-FROM-C6': 55}
c1-c6 peak 480 220 0 gain -0.005550863832855857 guards {0: ['queue_delay', 'throughput', 'boundary_wait', 'worst_service_debt'], 1: ['boundary_wait']} plan {'C1-FROM-C2': 54, 'C1-FROM-C3': 55, 'C1-FROM-C4': 40, 'C1-FROM-C5': 51, 'C3-FROM-C1': 55, 'C3-FROM-C6': 55}
c1-c6 peak 480 220 1 gain -0.010174279670935649 guards {0: ['queue_delay', 'throughput', 'boundary_wait', 'worst_service_debt'], 1: ['boundary_wait', 'worst_service_debt']} plan {'C1-FROM-C2': 47, 'C1-FROM-C3': 55, 'C1-FROM-C4': 52, 'C1-FROM-C5': 46, 'C3-FROM-C1': 55, 'C3-FROM-C6': 55}
three-controlled-junctions peak 240 140 0 gain -0.025223217638160378 guards {0: ['queue_delay', 'backlog'], 1: ['backlog', 'boundary_wait']} plan {'C1-FROM-C2': 18, 'C1-FROM-C3': 55, 'C1-FROM-C4': 23, 'C1-FROM-C5': 24, 'C3-FROM-C1': 55, 'C3-FROM-C6': 55, 'C7-FROM-C3': 45, 'C7-FROM-C1': 45}
three-controlled-junctions peak 240 140 1 gain -0.04592569252054246 guards {0: ['queue_delay', 'backlog', 'worst_service_debt'], 1: ['backlog', 'boundary_wait']} plan {'C1-FROM-C2': 18, 'C1-FROM-C3': 55, 'C1-FROM-C4': 15, 'C1-FROM-C5': 32, 'C3-FROM-C1': 55, 'C3-FROM-C6': 55, 'C7-FROM-C3': 45, 'C7-FROM-C1': 45}
three-controlled-junctions peak 240 160 0 gain -0.05293768826278211 guards {0: ['queue_delay', 'backlog', 'worst_service_debt'], 1: ['backlog', 'boundary_wait']} plan {'C1-FROM-C2': 23, 'C1-FROM-C3': 55, 'C1-FROM-C4': 30, 'C1-FROM-C5': 32, 'C3-FROM-C1': 55, 'C3-FROM-C6': 55, 'C7-FROM-C3': 45, 'C7-FROM-C1': 45}
three-controlled-junctions peak 240 160 1 gain -0.07602029502641239 guards {0: ['queue_delay', 'throughput', 'backlog', 'congested', 'worst_service_debt'], 1: ['backlog', 'boundary_wait', 'congested']} plan {'C1-FROM-C2': 23, 'C1-FROM-C3': 55, 'C1-FROM-C4': 20, 'C1-FROM-C5': 42, 'C3-FROM-C1': 55, 'C3-FROM-C6': 55, 'C7-FROM-C3': 45, 'C7-FROM-C1': 45}
three-controlled-junctions peak 240 180 0 gain -0.07319896954373295 guards {0: ['queue_delay', 'throughput', 'backlog', 'congested', 'worst_service_debt'], 1: ['backlog', 'boundary_wait', 'congested']} plan {'C1-FROM-C2': 28, 'C1-FROM-C3': 55, 'C1-FROM-C4': 38, 'C1-FROM-C5': 39, 'C3-FROM-C1': 55, 'C3-FROM-C6': 55, 'C7-FROM-C3': 45, 'C7-FROM-C1': 45}
three-controlled-junctions peak 240 180 1 gain -0.09351131873214702 guards {0: ['queue_delay', 'throughput', 'backlog', 'congested', 'worst_service_debt'], 1: ['backlog', 'boundary_wait', 'congested']} plan {'C1-FROM-C2': 29, 'C1-FROM-C3': 55, 'C1-FROM-C4': 25, 'C1-FROM-C5': 51, 'C3-FROM-C1': 55, 'C3-FROM-C6': 55, 'C7-FROM-C3': 45, 'C7-FROM-C1': 45}
three-controlled-junctions peak 240 200 0 gain -0.09251150376246375 guards {0: ['queue_delay', 'throughput', 'backlog', 'congested', 'worst_service_debt'], 1: ['backlog', 'boundary_wait', 'congested']} plan {'C1-FROM-C2': 34, 'C1-FROM-C3': 55, 'C1-FROM-C4': 44, 'C1-FROM-C5': 47, 'C3-FROM-C1': 55, 'C3-FROM-C6': 55, 'C7-FROM-C3': 45, 'C7-FROM-C1': 45}
three-controlled-junctions peak 240 200 1 gain -0.10369508352349444 guards {0: ['queue_delay', 'throughput', 'backlog', 'congested', 'worst_service_debt'], 1: ['backlog', 'boundary_wait', 'congested']} plan {'C1-FROM-C2': 37, 'C1-FROM-C3': 55, 'C1-FROM-C4': 33, 'C1-FROM-C5': 55, 'C3-FROM-C1': 55, 'C3-FROM-C6': 55, 'C7-FROM-C3': 45, 'C7-FROM-C1': 45}
three-controlled-junctions peak 240 220 0 gain -0.10437722961547302 guards {0: ['queue_delay', 'throughput', 'backlog', 'congested', 'worst_service_debt'], 1: ['backlog', 'boundary_wait', 'congested']} plan {'C1-FROM-C2': 39, 'C1-FROM-C3': 55, 'C1-FROM-C4': 52, 'C1-FROM-C5': 54, 'C3-FROM-C1': 55, 'C3-FROM-C6': 55, 'C7-FROM-C3': 45, 'C7-FROM-C1': 45}
three-controlled-junctions peak 240 220 1 gain -0.10894556656946408 guards {0: ['queue_delay', 'throughput', 'backlog', 'congested', 'worst_service_debt'], 1: ['backlog', 'boundary_wait', 'congested', 'worst_service_debt']} plan {'C1-FROM-C2': 48, 'C1-FROM-C3': 55, 'C1-FROM-C4': 42, 'C1-FROM-C5': 55, 'C3-FROM-C1': 55, 'C3-FROM-C6': 55, 'C7-FROM-C3': 45, 'C7-FROM-C1': 45}
three-controlled-junctions incident 480 140 0 gain -0.006283520186075808 guards {0: ['queue_delay', 'throughput', 'boundary_wait'], 1: ['boundary_wait', 'congested']} plan {'C1-FROM-C2': 27, 'C1-FROM-C3': 49, 'C1-FROM-C4': 19, 'C1-FROM-C5': 25, 'C3-FROM-C1': 55, 'C3-FROM-C6': 55, 'C7-FROM-C3': 45, 'C7-FROM-C1': 45}
three-controlled-junctions incident 480 140 1 gain 0.007009588246847831 guards {0: ['throughput', 'boundary_wait'], 1: ['boundary_wait', 'congested']} plan {'C1-FROM-C2': 22, 'C1-FROM-C3': 53, 'C1-FROM-C4': 24, 'C1-FROM-C5': 21, 'C3-FROM-C1': 55, 'C3-FROM-C6': 55, 'C7-FROM-C3': 45, 'C7-FROM-C1': 45}
three-controlled-junctions incident 480 160 0 gain -0.00835250902726159 guards {0: ['queue_delay', 'throughput', 'boundary_wait'], 1: ['boundary_wait', 'congested']} plan {'C1-FROM-C2': 32, 'C1-FROM-C3': 55, 'C1-FROM-C4': 23, 'C1-FROM-C5': 30, 'C3-FROM-C1': 55, 'C3-FROM-C6': 55, 'C7-FROM-C3': 45, 'C7-FROM-C1': 45}
three-controlled-junctions incident 480 160 1 gain -0.0006060636410112341 guards {0: ['queue_delay', 'throughput', 'boundary_wait'], 1: ['boundary_wait', 'congested']} plan {'C1-FROM-C2': 27, 'C1-FROM-C3': 55, 'C1-FROM-C4': 31, 'C1-FROM-C5': 27, 'C3-FROM-C1': 55, 'C3-FROM-C6': 55, 'C7-FROM-C3': 45, 'C7-FROM-C1': 45}
three-controlled-junctions incident 480 180 0 gain -0.0050455602203278715 guards {0: ['queue_delay', 'throughput', 'boundary_wait'], 1: ['boundary_wait', 'congested']} plan {'C1-FROM-C2': 39, 'C1-FROM-C3': 55, 'C1-FROM-C4': 29, 'C1-FROM-C5': 37, 'C3-FROM-C1': 55, 'C3-FROM-C6': 55, 'C7-FROM-C3': 45, 'C7-FROM-C1': 45}
three-controlled-junctions incident 480 180 1 gain -0.00603904978282932 guards {0: ['queue_delay', 'throughput', 'boundary_wait', 'worst_service_debt'], 1: ['boundary_wait', 'congested']} plan {'C1-FROM-C2': 34, 'C1-FROM-C3': 55, 'C1-FROM-C4': 38, 'C1-FROM-C5': 33, 'C3-FROM-C1': 55, 'C3-FROM-C6': 55, 'C7-FROM-C3': 45, 'C7-FROM-C1': 45}
three-controlled-junctions incident 480 200 0 gain -0.009666484014205334 guards {0: ['queue_delay', 'throughput', 'boundary_wait', 'worst_service_debt'], 1: ['throughput', 'boundary_wait', 'congested']} plan {'C1-FROM-C2': 47, 'C1-FROM-C3': 55, 'C1-FROM-C4': 34, 'C1-FROM-C5': 44, 'C3-FROM-C1': 55, 'C3-FROM-C6': 55, 'C7-FROM-C3': 45, 'C7-FROM-C1': 45}
three-controlled-junctions incident 480 200 1 gain -0.015640961440838153 guards {0: ['queue_delay', 'throughput', 'boundary_wait', 'worst_service_debt'], 1: ['throughput', 'boundary_wait', 'congested']} plan {'C1-FROM-C2': 40, 'C1-FROM-C3': 55, 'C1-FROM-C4': 45, 'C1-FROM-C5': 40, 'C3-FROM-C1': 55, 'C3-FROM-C6': 55, 'C7-FROM-C3': 45, 'C7-FROM-C1': 45}
three-controlled-junctions incident 480 220 0 gain -0.016934530515878787 guards {0: ['queue_delay', 'throughput', 'boundary_wait', 'worst_service_debt'], 1: ['throughput', 'boundary_wait', 'congested']} plan {'C1-FROM-C2': 54, 'C1-FROM-C3': 55, 'C1-FROM-C4': 40, 'C1-FROM-C5': 51, 'C3-FROM-C1': 55, 'C3-FROM-C6': 55, 'C7-FROM-C3': 45, 'C7-FROM-C1': 45}
three-controlled-junctions incident 480 220 1 gain -0.021085885496360035 guards {0: ['queue_delay', 'throughput', 'boundary_wait', 'worst_service_debt'], 1: ['queue_delay', 'throughput', 'boundary_wait', 'congested', 'worst_service_debt']} plan {'C1-FROM-C2': 47, 'C1-FROM-C3': 55, 'C1-FROM-C4': 52, 'C1-FROM-C5': 46, 'C3-FROM-C1': 55, 'C3-FROM-C6': 55, 'C7-FROM-C3': 45, 'C7-FROM-C1': 45}
